stm32f1_ili9341.c:111:6:ILI9341_demo	24	static
stm32f1_ili9341.c:144:6:ILI9341_ContourDE	16	static
stm32f1_ili9341.c:151:6:ILI9341_Init	16	static
stm32f1_ili9341.c:187:6:ILI9341_setConfig	8	static
stm32f1_ili9341.c:197:6:ILI9341_InitLCD	8	static
stm32f1_ili9341.c:353:6:ILI9341_DisplayOn	8	static
stm32f1_ili9341.c:362:6:ILI9341_DisplayOff	8	static
stm32f1_ili9341.c:371:6:ILI9341_SendCommand	16	static
stm32f1_ili9341.c:387:6:ILI9341_SendData	16	static
stm32f1_ili9341.c:395:6:ILI9341_ReadDatas	16	static
stm32f1_ili9341.c:411:6:ILI9341_DrawPixel	16	static
stm32f1_ili9341.c:419:10:ILI9341_ReadPixel	416	static
stm32f1_ili9341.c:435:6:ILI9341_SetCursorPosition	24	static
stm32f1_ili9341.c:454:6:ILI9341_Fill	24	static
stm32f1_ili9341.c:468:6:ILI9341_INT_Fill	40	static
stm32f1_ili9341.c:513:6:ILI9341_Delay	16	static
stm32f1_ili9341.c:522:6:ILI9341_Rotate	16	static
stm32f1_ili9341.c:562:6:ILI9341_Puts	40	static
stm32f1_ili9341.c:605:6:ILI9341_PutBigs	48	static
stm32f1_ili9341.c:648:6:ILI9341_GetStringSize	32	static
stm32f1_ili9341.c:667:6:ILI9341_Putc	64	static
stm32f1_ili9341.c:717:6:ILI9341_PutBigc	72	static
stm32f1_ili9341.c:779:6:ILI9341_DrawLine	64	static
stm32f1_ili9341.c:860:6:ILI9341_DrawRectangle	32	static
stm32f1_ili9341.c:876:6:ILI9341_DrawFilledRectangle	40	static
stm32f1_ili9341.c:906:6:ILI9341_DrawCircle	40	static
stm32f1_ili9341.c:948:6:ILI9341_DrawFilledCircle	48	static
stm32f1_ili9341.c:984:18:ILI9341_getOptions	16	static
stm32f1_ili9341.c:998:6:ILI9341_printf	304	static
stm32f1_ili9341.c:1029:6:ILI9341_putImage	32	static
stm32f1_ili9341.c:1067:6:ILI9341_putImage_monochrome	40	static
